// Jest Snapshot v1, https://goo.gl/fbAQLP

exports[`Pruebas en <PrimerApp /> Debe mostrar Hola, mundo 1`] = `
<Fragment>
  <h1>
    Hola, mundo
  </h1>
  <p>
    Soy un subtitulo
  </p>
</Fragment>
`;
